// Bun Snapshot v1, https://goo.gl/fbAQLP

exports[`rendered DOM matches snapshot 1`] = `"<div id="nav" class="dfc pv1 ph3"><h1 id="logo" class="mv0">ekscss REPL</h1><a href="https://ekscss.js.org" class="pl4" target="_blank" rel="noreferrer">Docs</a><div class="df ml-auto"><input id="auto" type="checkbox" class="checkbox" checked=""><label for="auto" class="label">Auto compile on input</label></div><button class="button button-primary mh3">Compile</button><button class="button">Clear Output</button></div>"`;
